// Jest Snapshot v1, https://goo.gl/fbAQLP

exports[`Live Chat component Should match snapshot 1`] = `
<form
  class="form form__full false"
  data-testid="test-id-livechat-form"
>
  <div
    class="field field__bottom"
  >
    <textarea
      aria-labelledby="contentLabel"
      class="textarea textarea__square false"
      data-testid="test-id-livechat-content-input"
      name="content"
      placeholder="Please post your message in the chat"
      required=""
      rows="3"
    />
    <button
      class="button button__square"
      data-testid="test-id-send-message-button"
      type="submit"
    >
      Send
    </button>
  </div>
</form>
`;
